Using device:cuda
VQVAE 配置 {'num_hiddens': 256, 'num_residual_layers': 2, 'num_residual_hiddens': 32, 'num_embeddings': 64, 'embedding_dim': 16, 'commitment_cost': 0.25}
参数量 3.06M
开始训练：20000 iterations，lr=0.001
[step   100/20000] recon=0.1049 vq=0.0232 perp=16.7 lr=1.00e-03 (10s)
  [step 200] 重置 24 个死码（累计 24）
[step   200/20000] recon=0.0492 vq=0.0160 perp=25.0 lr=1.00e-03 (19s)
[step   300/20000] recon=0.0319 vq=0.0072 perp=48.7 lr=9.99e-04 (28s)
[step   400/20000] recon=0.0272 vq=0.0068 perp=47.8 lr=9.99e-04 (38s)
[step   500/20000] recon=0.0240 vq=0.0065 perp=49.4 lr=9.98e-04 (47s)
  -> test recon=0.0227 perplexity=48.2 (利用率 75.4%, 活码 63/64)
     保存 best model -> vqvae_7x7_ema_v2.pth
  [step 600] 重置 1 个死码（累计 25）
[step   600/20000] recon=0.0203 vq=0.0060 perp=50.4 lr=9.98e-04 (58s)
[step   700/20000] recon=0.0194 vq=0.0058 perp=52.7 lr=9.97e-04 (68s)
[step   800/20000] recon=0.0198 vq=0.0056 perp=53.5 lr=9.96e-04 (77s)
[step   900/20000] recon=0.0192 vq=0.0055 perp=53.6 lr=9.95e-04 (85s)
[step  1000/20000] recon=0.0162 vq=0.0051 perp=52.5 lr=9.94e-04 (94s)
  -> test recon=0.0165 perplexity=51.9 (利用率 81.0%, 活码 64/64)
     保存 best model -> vqvae_7x7_ema_v2.pth
[step  1100/20000] recon=0.0165 vq=0.0049 perp=52.7 lr=9.93e-04 (107s)
[step  1200/20000] recon=0.0167 vq=0.0047 perp=53.4 lr=9.91e-04 (116s)
[step  1300/20000] recon=0.0152 vq=0.0045 perp=53.2 lr=9.90e-04 (125s)
[step  1400/20000] recon=0.0151 vq=0.0042 perp=53.0 lr=9.88e-04 (133s)
[step  1500/20000] recon=0.0139 vq=0.0041 perp=52.8 lr=9.86e-04 (144s)
  -> test recon=0.0145 perplexity=52.2 (利用率 81.6%, 活码 64/64)
     保存 best model -> vqvae_7x7_ema_v2.pth
[step  1600/20000] recon=0.0137 vq=0.0040 perp=52.7 lr=9.84e-04 (154s)
[step  1700/20000] recon=0.0136 vq=0.0039 perp=54.2 lr=9.82e-04 (163s)
[step  1800/20000] recon=0.0133 vq=0.0039 perp=53.3 lr=9.80e-04 (175s)
[step  1900/20000] recon=0.0122 vq=0.0036 perp=53.4 lr=9.78e-04 (183s)
[step  2000/20000] recon=0.0118 vq=0.0033 perp=53.7 lr=9.76e-04 (192s)
  -> test recon=0.0131 perplexity=53.0 (利用率 82.8%, 活码 64/64)
     保存 best model -> vqvae_7x7_ema_v2.pth
[step  2100/20000] recon=0.0119 vq=0.0033 perp=54.4 lr=9.73e-04 (203s)
[step  2200/20000] recon=0.0117 vq=0.0032 perp=54.2 lr=9.70e-04 (212s)
[step  2300/20000] recon=0.0121 vq=0.0033 perp=55.3 lr=9.68e-04 (225s)
[step  2400/20000] recon=0.0112 vq=0.0030 perp=53.8 lr=9.65e-04 (248s)
[step  2500/20000] recon=0.0113 vq=0.0031 perp=54.2 lr=9.62e-04 (262s)
  -> test recon=0.0115 perplexity=53.3 (利用率 83.3%, 活码 64/64)
     保存 best model -> vqvae_7x7_ema_v2.pth
[step  2600/20000] recon=0.0117 vq=0.0031 perp=54.6 lr=9.59e-04 (273s)
[step  2700/20000] recon=0.0115 vq=0.0029 perp=53.8 lr=9.56e-04 (283s)
[step  2800/20000] recon=0.0104 vq=0.0029 perp=53.2 lr=9.52e-04 (294s)
[step  2900/20000] recon=0.0118 vq=0.0030 perp=54.3 lr=9.49e-04 (303s)
[step  3000/20000] recon=0.0105 vq=0.0028 perp=52.6 lr=9.46e-04 (312s)
  -> test recon=0.0111 perplexity=53.0 (利用率 82.7%, 活码 64/64)
     保存 best model -> vqvae_7x7_ema_v2.pth
[step  3100/20000] recon=0.0112 vq=0.0028 perp=53.9 lr=9.42e-04 (325s)
[step  3200/20000] recon=0.0108 vq=0.0029 perp=54.1 lr=9.38e-04 (339s)
[step  3300/20000] recon=0.0125 vq=0.0030 perp=54.6 lr=9.34e-04 (357s)
[step  3400/20000] recon=0.0100 vq=0.0028 perp=52.9 lr=9.30e-04 (366s)
[step  3500/20000] recon=0.0102 vq=0.0028 perp=53.3 lr=9.26e-04 (375s)
  -> test recon=0.0102 perplexity=52.4 (利用率 81.9%, 活码 64/64)
     保存 best model -> vqvae_7x7_ema_v2.pth
[step  3600/20000] recon=0.0091 vq=0.0027 perp=53.0 lr=9.22e-04 (388s)
[step  3700/20000] recon=0.0101 vq=0.0028 perp=53.5 lr=9.18e-04 (397s)
[step  3800/20000] recon=0.0106 vq=0.0029 perp=54.2 lr=9.14e-04 (407s)
[step  3900/20000] recon=0.0101 vq=0.0030 perp=54.1 lr=9.09e-04 (416s)
[step  4000/20000] recon=0.0096 vq=0.0027 perp=52.5 lr=9.05e-04 (427s)
  -> test recon=0.0098 perplexity=52.3 (利用率 81.8%, 活码 64/64)
     保存 best model -> vqvae_7x7_ema_v2.pth
[step  4100/20000] recon=0.0089 vq=0.0028 perp=53.1 lr=9.00e-04 (438s)
[step  4200/20000] recon=0.0091 vq=0.0027 perp=53.0 lr=8.95e-04 (447s)
[step  4300/20000] recon=0.0095 vq=0.0029 perp=54.3 lr=8.90e-04 (458s)
[step  4400/20000] recon=0.0100 vq=0.0028 perp=52.9 lr=8.85e-04 (467s)
[step  4500/20000] recon=0.0090 vq=0.0027 perp=52.5 lr=8.80e-04 (477s)
  -> test recon=0.0101 perplexity=52.1 (利用率 81.5%, 活码 64/64)
[step  4600/20000] recon=0.0098 vq=0.0030 perp=54.3 lr=8.75e-04 (490s)
[step  4700/20000] recon=0.0081 vq=0.0026 perp=52.6 lr=8.70e-04 (499s)
[step  4800/20000] recon=0.0093 vq=0.0028 perp=52.9 lr=8.64e-04 (508s)
[step  4900/20000] recon=0.0096 vq=0.0028 perp=54.2 lr=8.59e-04 (517s)
[step  5000/20000] recon=0.0087 vq=0.0028 perp=53.1 lr=8.54e-04 (528s)
  -> test recon=0.0095 perplexity=52.3 (利用率 81.8%, 活码 64/64)
     保存 best model -> vqvae_7x7_ema_v2.pth
[step  5100/20000] recon=0.0094 vq=0.0028 perp=53.3 lr=8.48e-04 (539s)
[step  5200/20000] recon=0.0090 vq=0.0027 perp=53.5 lr=8.42e-04 (548s)
[step  5300/20000] recon=0.0088 vq=0.0027 perp=52.6 lr=8.37e-04 (559s)
[step  5400/20000] recon=0.0091 vq=0.0027 perp=52.8 lr=8.31e-04 (569s)
[step  5500/20000] recon=0.0094 vq=0.0027 perp=53.3 lr=8.25e-04 (578s)
  -> test recon=0.0092 perplexity=51.7 (利用率 80.8%, 活码 64/64)
     保存 best model -> vqvae_7x7_ema_v2.pth
[step  5600/20000] recon=0.0094 vq=0.0027 perp=53.8 lr=8.19e-04 (589s)
[step  5700/20000] recon=0.0086 vq=0.0026 perp=52.1 lr=8.13e-04 (600s)
[step  5800/20000] recon=0.0086 vq=0.0026 perp=52.6 lr=8.06e-04 (609s)
[step  5900/20000] recon=0.0089 vq=0.0026 perp=52.4 lr=8.00e-04 (620s)
[step  6000/20000] recon=0.0089 vq=0.0025 perp=51.6 lr=7.94e-04 (631s)
  -> test recon=0.0095 perplexity=50.9 (利用率 79.5%, 活码 64/64)
[step  6100/20000] recon=0.0088 vq=0.0025 perp=50.5 lr=7.88e-04 (643s)
[step  6200/20000] recon=0.0087 vq=0.0025 perp=52.0 lr=7.81e-04 (652s)
[step  6300/20000] recon=0.0079 vq=0.0025 perp=50.9 lr=7.75e-04 (663s)
[step  6400/20000] recon=0.0088 vq=0.0025 perp=52.4 lr=7.68e-04 (672s)
[step  6500/20000] recon=0.0082 vq=0.0025 perp=52.2 lr=7.61e-04 (682s)
  -> test recon=0.0088 perplexity=50.2 (利用率 78.5%, 活码 64/64)
     保存 best model -> vqvae_7x7_ema_v2.pth
[step  6600/20000] recon=0.0079 vq=0.0024 perp=50.9 lr=7.55e-04 (693s)
[step  6700/20000] recon=0.0077 vq=0.0024 perp=50.6 lr=7.48e-04 (703s)
[step  6800/20000] recon=0.0087 vq=0.0025 perp=51.1 lr=7.41e-04 (712s)
[step  6900/20000] recon=0.0079 vq=0.0024 perp=51.1 lr=7.34e-04 (722s)
[step  7000/20000] recon=0.0080 vq=0.0025 perp=51.3 lr=7.27e-04 (732s)
  -> test recon=0.0084 perplexity=50.2 (利用率 78.4%, 活码 64/64)
     保存 best model -> vqvae_7x7_ema_v2.pth
[step  7100/20000] recon=0.0077 vq=0.0024 perp=51.6 lr=7.20e-04 (743s)
[step  7200/20000] recon=0.0080 vq=0.0025 perp=50.9 lr=7.13e-04 (753s)
[step  7300/20000] recon=0.0089 vq=0.0024 perp=51.2 lr=7.06e-04 (763s)
[step  7400/20000] recon=0.0079 vq=0.0024 perp=51.2 lr=6.99e-04 (773s)
[step  7500/20000] recon=0.0075 vq=0.0023 perp=51.0 lr=6.91e-04 (782s)
  -> test recon=0.0084 perplexity=50.5 (利用率 78.8%, 活码 64/64)
[step  7600/20000] recon=0.0084 vq=0.0024 perp=51.3 lr=6.84e-04 (794s)
[step  7700/20000] recon=0.0070 vq=0.0022 perp=49.4 lr=6.77e-04 (803s)
[step  7800/20000] recon=0.0078 vq=0.0023 perp=51.0 lr=6.69e-04 (813s)
[step  7900/20000] recon=0.0081 vq=0.0024 perp=51.1 lr=6.62e-04 (822s)
[step  8000/20000] recon=0.0080 vq=0.0024 perp=51.5 lr=6.55e-04 (832s)
  -> test recon=0.0081 perplexity=49.9 (利用率 78.0%, 活码 64/64)
     保存 best model -> vqvae_7x7_ema_v2.pth
[step  8100/20000] recon=0.0075 vq=0.0023 perp=50.1 lr=6.47e-04 (844s)
[step  8200/20000] recon=0.0077 vq=0.0023 perp=50.7 lr=6.39e-04 (853s)
[step  8300/20000] recon=0.0071 vq=0.0022 perp=50.2 lr=6.32e-04 (863s)
[step  8400/20000] recon=0.0073 vq=0.0023 perp=51.2 lr=6.24e-04 (873s)
[step  8500/20000] recon=0.0079 vq=0.0023 perp=52.0 lr=6.17e-04 (882s)
  -> test recon=0.0082 perplexity=50.1 (利用率 78.2%, 活码 64/64)
[step  8600/20000] recon=0.0076 vq=0.0023 perp=51.5 lr=6.09e-04 (894s)
[step  8700/20000] recon=0.0074 vq=0.0022 perp=49.8 lr=6.01e-04 (903s)
[step  8800/20000] recon=0.0073 vq=0.0023 perp=50.7 lr=5.94e-04 (913s)
[step  8900/20000] recon=0.0071 vq=0.0022 perp=50.8 lr=5.86e-04 (923s)
[step  9000/20000] recon=0.0074 vq=0.0024 perp=51.7 lr=5.78e-04 (932s)
  -> test recon=0.0082 perplexity=50.2 (利用率 78.4%, 活码 64/64)
[step  9100/20000] recon=0.0077 vq=0.0024 perp=51.4 lr=5.70e-04 (944s)
[step  9200/20000] recon=0.0069 vq=0.0022 perp=50.6 lr=5.63e-04 (954s)
[step  9300/20000] recon=0.0077 vq=0.0024 perp=52.0 lr=5.55e-04 (963s)
[step  9400/20000] recon=0.0062 vq=0.0022 perp=50.1 lr=5.47e-04 (973s)
[step  9500/20000] recon=0.0071 vq=0.0022 perp=50.6 lr=5.39e-04 (982s)
  -> test recon=0.0078 perplexity=50.1 (利用率 78.3%, 活码 64/64)
     保存 best model -> vqvae_7x7_ema_v2.pth
[step  9600/20000] recon=0.0076 vq=0.0023 perp=51.9 lr=5.31e-04 (994s)
[step  9700/20000] recon=0.0072 vq=0.0022 perp=50.4 lr=5.24e-04 (1004s)
[step  9800/20000] recon=0.0073 vq=0.0023 perp=50.9 lr=5.16e-04 (1014s)
[step  9900/20000] recon=0.0075 vq=0.0023 perp=51.3 lr=5.08e-04 (1023s)
[step 10000/20000] recon=0.0071 vq=0.0023 perp=51.1 lr=5.00e-04 (1033s)
  -> test recon=0.0077 perplexity=50.0 (利用率 78.2%, 活码 64/64)
     保存 best model -> vqvae_7x7_ema_v2.pth
[step 10100/20000] recon=0.0071 vq=0.0023 perp=51.1 lr=4.92e-04 (1044s)
[step 10200/20000] recon=0.0074 vq=0.0022 perp=51.6 lr=4.84e-04 (1054s)
[step 10300/20000] recon=0.0074 vq=0.0023 perp=51.6 lr=4.76e-04 (1065s)
[step 10400/20000] recon=0.0068 vq=0.0021 perp=49.8 lr=4.69e-04 (1075s)
[step 10500/20000] recon=0.0071 vq=0.0022 perp=51.2 lr=4.61e-04 (1085s)
  -> test recon=0.0076 perplexity=49.9 (利用率 78.0%, 活码 64/64)
     保存 best model -> vqvae_7x7_ema_v2.pth
[step 10600/20000] recon=0.0071 vq=0.0022 perp=51.2 lr=4.53e-04 (1098s)
[step 10700/20000] recon=0.0071 vq=0.0022 perp=50.5 lr=4.45e-04 (1108s)
[step 10800/20000] recon=0.0068 vq=0.0021 perp=49.9 lr=4.37e-04 (1117s)
[step 10900/20000] recon=0.0068 vq=0.0022 perp=50.8 lr=4.30e-04 (1127s)
[step 11000/20000] recon=0.0065 vq=0.0021 perp=50.5 lr=4.22e-04 (1136s)
  -> test recon=0.0076 perplexity=49.5 (利用率 77.4%, 活码 64/64)
[step 11100/20000] recon=0.0070 vq=0.0022 perp=51.8 lr=4.14e-04 (1148s)
[step 11200/20000] recon=0.0069 vq=0.0022 perp=51.5 lr=4.06e-04 (1158s)
[step 11300/20000] recon=0.0064 vq=0.0021 perp=49.9 lr=3.99e-04 (1167s)
[step 11400/20000] recon=0.0064 vq=0.0021 perp=50.3 lr=3.91e-04 (1177s)
[step 11500/20000] recon=0.0067 vq=0.0022 perp=51.0 lr=3.83e-04 (1186s)
  -> test recon=0.0075 perplexity=49.9 (利用率 78.0%, 活码 64/64)
     保存 best model -> vqvae_7x7_ema_v2.pth
[step 11600/20000] recon=0.0066 vq=0.0022 perp=50.7 lr=3.76e-04 (1198s)
[step 11700/20000] recon=0.0066 vq=0.0022 perp=51.2 lr=3.68e-04 (1209s)
[step 11800/20000] recon=0.0065 vq=0.0022 perp=50.8 lr=3.61e-04 (1219s)
[step 11900/20000] recon=0.0066 vq=0.0021 perp=50.4 lr=3.53e-04 (1229s)
[step 12000/20000] recon=0.0070 vq=0.0022 perp=51.2 lr=3.45e-04 (1240s)
  -> test recon=0.0075 perplexity=49.7 (利用率 77.7%, 活码 64/64)
     保存 best model -> vqvae_7x7_ema_v2.pth
[step 12100/20000] recon=0.0068 vq=0.0022 perp=50.6 lr=3.38e-04 (1252s)
[step 12200/20000] recon=0.0063 vq=0.0021 perp=50.0 lr=3.31e-04 (1263s)
[step 12300/20000] recon=0.0069 vq=0.0022 perp=51.5 lr=3.23e-04 (1273s)
[step 12400/20000] recon=0.0061 vq=0.0020 perp=48.7 lr=3.16e-04 (1283s)
[step 12500/20000] recon=0.0066 vq=0.0022 perp=50.6 lr=3.09e-04 (1292s)
  -> test recon=0.0074 perplexity=49.6 (利用率 77.4%, 活码 64/64)
     保存 best model -> vqvae_7x7_ema_v2.pth
[step 12600/20000] recon=0.0070 vq=0.0022 perp=51.0 lr=3.01e-04 (1304s)
[step 12700/20000] recon=0.0070 vq=0.0022 perp=50.9 lr=2.94e-04 (1314s)
[step 12800/20000] recon=0.0065 vq=0.0021 perp=50.2 lr=2.87e-04 (1324s)
[step 12900/20000] recon=0.0066 vq=0.0021 perp=50.3 lr=2.80e-04 (1333s)
[step 13000/20000] recon=0.0064 vq=0.0021 perp=49.8 lr=2.73e-04 (1343s)
  -> test recon=0.0073 perplexity=49.5 (利用率 77.4%, 活码 64/64)
     保存 best model -> vqvae_7x7_ema_v2.pth
[step 13100/20000] recon=0.0065 vq=0.0021 perp=50.6 lr=2.66e-04 (1354s)
[step 13200/20000] recon=0.0068 vq=0.0022 perp=51.2 lr=2.59e-04 (1364s)
[step 13300/20000] recon=0.0067 vq=0.0021 perp=50.6 lr=2.52e-04 (1374s)
[step 13400/20000] recon=0.0064 vq=0.0020 perp=49.4 lr=2.45e-04 (1383s)
[step 13500/20000] recon=0.0063 vq=0.0021 perp=50.2 lr=2.39e-04 (1393s)
  -> test recon=0.0074 perplexity=49.6 (利用率 77.5%, 活码 64/64)
[step 13600/20000] recon=0.0063 vq=0.0021 perp=50.0 lr=2.32e-04 (1404s)
[step 13700/20000] recon=0.0065 vq=0.0022 perp=51.2 lr=2.25e-04 (1414s)
[step 13800/20000] recon=0.0066 vq=0.0021 perp=50.6 lr=2.19e-04 (1424s)
[step 13900/20000] recon=0.0060 vq=0.0020 perp=49.7 lr=2.12e-04 (1433s)
[step 14000/20000] recon=0.0067 vq=0.0022 perp=51.5 lr=2.06e-04 (1443s)
  -> test recon=0.0073 perplexity=49.4 (利用率 77.3%, 活码 64/64)
     保存 best model -> vqvae_7x7_ema_v2.pth
[step 14100/20000] recon=0.0050 vq=0.0021 perp=49.3 lr=2.00e-04 (1454s)
[step 14200/20000] recon=0.0063 vq=0.0021 perp=49.4 lr=1.94e-04 (1464s)
[step 14300/20000] recon=0.0067 vq=0.0022 perp=51.4 lr=1.87e-04 (1474s)
[step 14400/20000] recon=0.0060 vq=0.0021 perp=49.9 lr=1.81e-04 (1483s)
[step 14500/20000] recon=0.0064 vq=0.0022 perp=49.9 lr=1.75e-04 (1493s)
  -> test recon=0.0073 perplexity=49.3 (利用率 77.1%, 活码 64/64)
     保存 best model -> vqvae_7x7_ema_v2.pth
[step 14600/20000] recon=0.0065 vq=0.0022 perp=50.3 lr=1.69e-04 (1505s)
[step 14700/20000] recon=0.0063 vq=0.0021 perp=50.3 lr=1.63e-04 (1514s)
[step 14800/20000] recon=0.0064 vq=0.0022 perp=50.2 lr=1.58e-04 (1524s)
[step 14900/20000] recon=0.0066 vq=0.0022 perp=50.8 lr=1.52e-04 (1534s)
[step 15000/20000] recon=0.0067 vq=0.0022 perp=51.0 lr=1.46e-04 (1543s)
  -> test recon=0.0072 perplexity=49.3 (利用率 77.0%, 活码 64/64)
     保存 best model -> vqvae_7x7_ema_v2.pth
[step 15100/20000] recon=0.0059 vq=0.0021 perp=49.4 lr=1.41e-04 (1555s)
[step 15200/20000] recon=0.0062 vq=0.0021 perp=50.6 lr=1.36e-04 (1564s)
[step 15300/20000] recon=0.0063 vq=0.0021 perp=50.3 lr=1.30e-04 (1574s)
[step 15400/20000] recon=0.0063 vq=0.0021 perp=49.8 lr=1.25e-04 (1584s)
[step 15500/20000] recon=0.0061 vq=0.0020 perp=49.2 lr=1.20e-04 (1593s)
  -> test recon=0.0072 perplexity=49.2 (利用率 76.8%, 活码 64/64)
     保存 best model -> vqvae_7x7_ema_v2.pth
[step 15600/20000] recon=0.0060 vq=0.0021 perp=50.2 lr=1.15e-04 (1605s)
[step 15700/20000] recon=0.0059 vq=0.0021 perp=49.7 lr=1.10e-04 (1615s)
[step 15800/20000] recon=0.0065 vq=0.0021 perp=50.9 lr=1.05e-04 (1624s)
[step 15900/20000] recon=0.0061 vq=0.0021 perp=50.6 lr=1.00e-04 (1634s)
[step 16000/20000] recon=0.0059 vq=0.0021 perp=48.9 lr=9.55e-05 (1643s)
  -> test recon=0.0072 perplexity=49.1 (利用率 76.8%, 活码 64/64)
[step 16100/20000] recon=0.0058 vq=0.0021 perp=49.3 lr=9.09e-05 (1655s)
[step 16200/20000] recon=0.0061 vq=0.0021 perp=50.3 lr=8.65e-05 (1665s)
[step 16300/20000] recon=0.0059 vq=0.0021 perp=49.8 lr=8.21e-05 (1674s)
[step 16400/20000] recon=0.0060 vq=0.0021 perp=50.3 lr=7.78e-05 (1684s)
[step 16500/20000] recon=0.0060 vq=0.0021 perp=50.1 lr=7.37e-05 (1694s)
  -> test recon=0.0072 perplexity=49.2 (利用率 76.8%, 活码 64/64)
     保存 best model -> vqvae_7x7_ema_v2.pth
[step 16600/20000] recon=0.0060 vq=0.0021 perp=49.8 lr=6.96e-05 (1705s)
[step 16700/20000] recon=0.0062 vq=0.0021 perp=50.8 lr=6.57e-05 (1715s)
[step 16800/20000] recon=0.0062 vq=0.0022 perp=49.9 lr=6.18e-05 (1725s)
[step 16900/20000] recon=0.0059 vq=0.0021 perp=49.2 lr=5.81e-05 (1735s)
[step 17000/20000] recon=0.0063 vq=0.0022 perp=50.7 lr=5.45e-05 (1744s)
  -> test recon=0.0071 perplexity=49.1 (利用率 76.7%, 活码 64/64)
     保存 best model -> vqvae_7x7_ema_v2.pth
[step 17100/20000] recon=0.0056 vq=0.0020 perp=48.4 lr=5.10e-05 (1756s)
[step 17200/20000] recon=0.0062 vq=0.0022 perp=50.1 lr=4.76e-05 (1765s)
[step 17300/20000] recon=0.0064 vq=0.0021 perp=50.5 lr=4.43e-05 (1775s)
[step 17400/20000] recon=0.0064 vq=0.0021 perp=50.5 lr=4.11e-05 (1785s)
[step 17500/20000] recon=0.0060 vq=0.0021 perp=49.5 lr=3.81e-05 (1794s)
  -> test recon=0.0071 perplexity=49.1 (利用率 76.7%, 活码 64/64)
     保存 best model -> vqvae_7x7_ema_v2.pth
[step 17600/20000] recon=0.0061 vq=0.0021 perp=50.0 lr=3.51e-05 (1806s)
[step 17700/20000] recon=0.0058 vq=0.0020 perp=49.1 lr=3.23e-05 (1816s)
[step 17800/20000] recon=0.0059 vq=0.0021 perp=49.9 lr=2.96e-05 (1825s)
[step 17900/20000] recon=0.0063 vq=0.0022 perp=50.9 lr=2.70e-05 (1835s)
[step 18000/20000] recon=0.0062 vq=0.0022 perp=50.2 lr=2.45e-05 (1845s)
  -> test recon=0.0071 perplexity=49.1 (利用率 76.8%, 活码 64/64)
     保存 best model -> vqvae_7x7_ema_v2.pth
[step 18100/20000] recon=0.0060 vq=0.0020 perp=49.0 lr=2.21e-05 (1856s)
[step 18200/20000] recon=0.0058 vq=0.0021 perp=49.6 lr=1.99e-05 (1866s)
[step 18300/20000] recon=0.0059 vq=0.0021 perp=49.8 lr=1.77e-05 (1876s)
[step 18400/20000] recon=0.0061 vq=0.0022 perp=50.7 lr=1.57e-05 (1885s)
[step 18500/20000] recon=0.0062 vq=0.0022 perp=50.3 lr=1.38e-05 (1895s)
  -> test recon=0.0071 perplexity=49.1 (利用率 76.7%, 活码 64/64)
     保存 best model -> vqvae_7x7_ema_v2.pth
[step 18600/20000] recon=0.0057 vq=0.0021 perp=49.5 lr=1.20e-05 (1906s)
[step 18700/20000] recon=0.0064 vq=0.0022 perp=51.1 lr=1.04e-05 (1916s)
[step 18800/20000] recon=0.0047 vq=0.0020 perp=49.2 lr=8.86e-06 (1926s)
[step 18900/20000] recon=0.0060 vq=0.0021 perp=49.2 lr=7.45e-06 (1935s)
[step 19000/20000] recon=0.0064 vq=0.0022 perp=51.1 lr=6.16e-06 (1945s)
  -> test recon=0.0071 perplexity=49.1 (利用率 76.7%, 活码 64/64)
     保存 best model -> vqvae_7x7_ema_v2.pth
[step 19100/20000] recon=0.0058 vq=0.0021 perp=49.5 lr=4.99e-06 (1957s)
[step 19200/20000] recon=0.0062 vq=0.0022 perp=49.7 lr=3.94e-06 (1966s)
[step 19300/20000] recon=0.0062 vq=0.0022 perp=50.3 lr=3.02e-06 (1976s)
[step 19400/20000] recon=0.0059 vq=0.0021 perp=50.1 lr=2.22e-06 (1986s)
[step 19500/20000] recon=0.0061 vq=0.0022 perp=49.9 lr=1.54e-06 (1995s)
  -> test recon=0.0071 perplexity=49.1 (利用率 76.7%, 活码 64/64)
     保存 best model -> vqvae_7x7_ema_v2.pth
[step 19600/20000] recon=0.0064 vq=0.0022 perp=50.7 lr=9.87e-07 (2007s)
[step 19700/20000] recon=0.0064 vq=0.0022 perp=50.8 lr=5.55e-07 (2016s)
[step 19800/20000] recon=0.0058 vq=0.0021 perp=49.1 lr=2.47e-07 (2026s)
[step 19900/20000] recon=0.0061 vq=0.0021 perp=50.3 lr=6.17e-08 (2036s)
[step 20000/20000] recon=0.0060 vq=0.0021 perp=50.3 lr=0.00e+00 (2045s)
  -> test recon=0.0071 perplexity=49.1 (利用率 76.7%, 活码 64/64)
     保存 best model -> vqvae_7x7_ema_v2.pth

训练完成，总耗时 2047.4s，最佳 test recon=0.0071
末步码本状态：活码 64/64，利用率 76.7%，累计重置死码 25 次
损失曲线已保存 -> loss_curve.png
重构对比已保存 -> reconstruction.png
