Using device: cuda
载入第一阶段权重 vqvae_7x7_ema_v2.pth (num_embeddings=64)
正在把数据集编码成离散索引……
  train (60000, 7, 7)  test (10000, 7, 7)  取值 [0,63]  类别数 10
GatedPixelCNN 参数量 8.17M  12 层 × 128 通道  dropout 0.2  run 'mnist_cond'
step 1000/20000
  train loss 2.5049 nats/token
  val   loss 2.2652 nats/token  (0.2042 bits/dim, 仅先验)
  saved best prior -> prior_7x7_gated.pth

step 2000/20000
  train loss 2.1816 nats/token
  val   loss 2.1656 nats/token  (0.1953 bits/dim, 仅先验)
  saved best prior -> prior_7x7_gated.pth

step 3000/20000
  train loss 2.0992 nats/token
  val   loss 2.1265 nats/token  (0.1917 bits/dim, 仅先验)
  saved best prior -> prior_7x7_gated.pth

step 4000/20000
  train loss 2.0486 nats/token
  val   loss 2.1110 nats/token  (0.1903 bits/dim, 仅先验)
  saved best prior -> prior_7x7_gated.pth

step 5000/20000
  train loss 2.0075 nats/token
  val   loss 2.0985 nats/token  (0.1892 bits/dim, 仅先验)
  saved best prior -> prior_7x7_gated.pth

step 6000/20000
  train loss 1.9765 nats/token
  val   loss 2.0958 nats/token  (0.1890 bits/dim, 仅先验)
  saved best prior -> prior_7x7_gated.pth

step 7000/20000
  train loss 1.9479 nats/token
  val   loss 2.0973 nats/token  (0.1891 bits/dim, 仅先验)

step 8000/20000
  train loss 1.9220 nats/token
  val   loss 2.1019 nats/token  (0.1895 bits/dim, 仅先验)

step 9000/20000
  train loss 1.8989 nats/token
  val   loss 2.1124 nats/token  (0.1905 bits/dim, 仅先验)

step 10000/20000
  train loss 1.8777 nats/token
  val   loss 2.1196 nats/token  (0.1911 bits/dim, 仅先验)

step 11000/20000
  train loss 1.8576 nats/token
  val   loss 2.1283 nats/token  (0.1919 bits/dim, 仅先验)
  早停：连续 5 次评估（5000 步）val 无改善，在 step 11000 停止训练。
saved 训练效果/stage2_training_curves_mnist_cond.png
